../Core/Src/main.c:94:5:main	104	static
../Core/Src/main.c:182:6:SystemClock_Config	88	static
../Core/Src/main.c:229:13:MX_ADC1_Init	24	static
../Core/Src/main.c:276:13:MX_I2C1_Init	8	static
../Core/Src/main.c:310:13:MX_TIM4_Init	32	static
../Core/Src/main.c:355:13:MX_USART1_UART_Init	8	static
../Core/Src/main.c:388:13:MX_GPIO_Init	40	static
../Core/Src/main.c:420:6:readTemp	16	static
../Core/Src/main.c:439:6:readHum	24	static
../Core/Src/main.c:462:6:Display_LCD_UART	48	static
../Core/Src/main.c:492:6:HAL_UART_RxCpltCallback	16	static
../Core/Src/main.c:522:6:HAL_TIM_PeriodElapsedCallback	16	static
../Core/Src/main.c:539:6:Error_Handler	4	static,ignoring_inline_asm
